{"synthetic": false,
 "schemaVersion": "2025-09-10",
 "outputs":
 {"o": ["3cbce57e56b21400.olean"],
  "i": "9a2858b81977b3dd.ilean",
  "c": "838c4ed2fff9f856.c"},
 "log":
 [{"message":
   ".> LEAN_PATH=/Users/ab/Projects/spec-oracle/paper/lean/.lake/build/lib/lean /Users/ab/.elan/toolchains/leanprover--lean4---v4.27.0/bin/lean /Users/ab/Projects/spec-oracle/paper/lean/UadfU0/CaseStudy/PasswordPolicy.lean -o /Users/ab/Projects/spec-oracle/paper/lean/.lake/build/lib/lean/UadfU0/CaseStudy/PasswordPolicy.olean -i /Users/ab/Projects/spec-oracle/paper/lean/.lake/build/lib/lean/UadfU0/CaseStudy/PasswordPolicy.ilean -c /Users/ab/Projects/spec-oracle/paper/lean/.lake/build/ir/UadfU0/CaseStudy/PasswordPolicy.c --setup /Users/ab/Projects/spec-oracle/paper/lean/.lake/build/ir/UadfU0/CaseStudy/PasswordPolicy.setup.json --json",
   "level": "trace"}],
 "inputs":
 [["UadfU0.CaseStudy.PasswordPolicy:deps",
   [["deps",
     [["UadfU0Paper/UadfU0:extraDep",
       [["@UadfU0Paper:extraDep", "00000000000006bb"]]],
      ["imports",
       [["UadfU0.InterLayer.Adequacy transitive imports (legacy)",
         "4ec647936e58741b"],
        ["UadfU0.InterLayer.Adequacy:importAllArts", "27d015ab5780cd0d"]]]]],
    ["libs",
     [["import dynlibs", "00000000000006bb"],
      ["package external libraries", "00000000000006bb"],
      ["module dynlibs", "00000000000006bb"],
      ["module plugins", "00000000000006bb"]]]]],
  ["Lean 4.27.0, commit db93fe1608548721853390a10cd40580fe7d22ae",
   "9a2be90fd35343e5"],
  ["/Users/ab/Projects/spec-oracle/paper/lean/UadfU0/CaseStudy/PasswordPolicy.lean",
   "cef6eb8ce43ccade"],
  ["options", "00000000000006bb"],
  ["Module.leanArgs: #[]", "00000000000006bb"]],
 "depHash": "33fc2cc72f336c14"}