{"synthetic": false,
 "schemaVersion": "2025-09-10",
 "outputs":
 {"o": ["ec7634b1a2fd7ed4.olean"],
  "i": "22557b2f290bcfc4.ilean",
  "c": "e521d4ff3639ecad.c"},
 "log":
 [{"message":
   ".> LEAN_PATH=/Users/ab/Projects/spec-oracle/paper/lean/.lake/build/lib/lean /Users/ab/.elan/toolchains/leanprover--lean4---v4.27.0/bin/lean /Users/ab/Projects/spec-oracle/paper/lean/UadfU0/Examples/ContradictoryLayers.lean -o /Users/ab/Projects/spec-oracle/paper/lean/.lake/build/lib/lean/UadfU0/Examples/ContradictoryLayers.olean -i /Users/ab/Projects/spec-oracle/paper/lean/.lake/build/lib/lean/UadfU0/Examples/ContradictoryLayers.ilean -c /Users/ab/Projects/spec-oracle/paper/lean/.lake/build/ir/UadfU0/Examples/ContradictoryLayers.c --setup /Users/ab/Projects/spec-oracle/paper/lean/.lake/build/ir/UadfU0/Examples/ContradictoryLayers.setup.json --json",
   "level": "trace"}],
 "inputs":
 [["UadfU0.Examples.ContradictoryLayers:deps",
   [["deps",
     [["UadfU0Paper/UadfU0:extraDep",
       [["@UadfU0Paper:extraDep", "00000000000006bb"]]],
      ["imports",
       [["UadfU0.InterLayer.Consistency transitive imports (legacy)",
         "b2956ad6fbfc855e"],
        ["UadfU0.InterLayer.Consistency:importAllArts", "00a611ca6cd51f15"]]]]],
    ["libs",
     [["import dynlibs", "00000000000006bb"],
      ["package external libraries", "00000000000006bb"],
      ["module dynlibs", "00000000000006bb"],
      ["module plugins", "00000000000006bb"]]]]],
  ["Lean 4.27.0, commit db93fe1608548721853390a10cd40580fe7d22ae",
   "9a2be90fd35343e5"],
  ["/Users/ab/Projects/spec-oracle/paper/lean/UadfU0/Examples/ContradictoryLayers.lean",
   "910cd68d1a4c505d"],
  ["options", "00000000000006bb"],
  ["Module.leanArgs: #[]", "00000000000006bb"]],
 "depHash": "45146cada41255b5"}