{"synthetic": false,
 "schemaVersion": "2025-09-10",
 "outputs":
 {"o": ["53f696628e86f547.olean"],
  "i": "af472ddefcbdd4e9.ilean",
  "c": "d99900a00b4e5a25.c"},
 "log":
 [{"message":
   ".> LEAN_PATH=/Users/ab/Projects/spec-oracle/paper/lean/.lake/build/lib/lean /Users/ab/.elan/toolchains/leanprover--lean4---v4.27.0/bin/lean /Users/ab/Projects/spec-oracle/paper/lean/UadfU0/Examples/HeterogeneousTransferWitness.lean -o /Users/ab/Projects/spec-oracle/paper/lean/.lake/build/lib/lean/UadfU0/Examples/HeterogeneousTransferWitness.olean -i /Users/ab/Projects/spec-oracle/paper/lean/.lake/build/lib/lean/UadfU0/Examples/HeterogeneousTransferWitness.ilean -c /Users/ab/Projects/spec-oracle/paper/lean/.lake/build/ir/UadfU0/Examples/HeterogeneousTransferWitness.c --setup /Users/ab/Projects/spec-oracle/paper/lean/.lake/build/ir/UadfU0/Examples/HeterogeneousTransferWitness.setup.json --json",
   "level": "trace"}],
 "inputs":
 [["UadfU0.Examples.HeterogeneousTransferWitness:deps",
   [["deps",
     [["UadfU0Paper/UadfU0:extraDep",
       [["@UadfU0Paper:extraDep", "00000000000006bb"]]],
      ["imports",
       [["UadfU0.InterLayer.Transfer transitive imports (legacy)",
         "d02da3c46128732f"],
        ["UadfU0.InterLayer.Transfer:importAllArts", "6fb2bdfb2b1e5d1e"]]]]],
    ["libs",
     [["import dynlibs", "00000000000006bb"],
      ["package external libraries", "00000000000006bb"],
      ["module dynlibs", "00000000000006bb"],
      ["module plugins", "00000000000006bb"]]]]],
  ["Lean 4.27.0, commit db93fe1608548721853390a10cd40580fe7d22ae",
   "9a2be90fd35343e5"],
  ["/Users/ab/Projects/spec-oracle/paper/lean/UadfU0/Examples/HeterogeneousTransferWitness.lean",
   "4e8fbbc227a2faaf"],
  ["options", "00000000000006bb"],
  ["Module.leanArgs: #[]", "00000000000006bb"]],
 "depHash": "d0335dc26dfd9906"}