{"synthetic": false,
 "schemaVersion": "2025-09-10",
 "outputs":
 {"o": ["5eed41bcec79b894.olean"],
  "i": "ae4d079b772ead70.ilean",
  "c": "6ab40cce497295fb.c"},
 "log":
 [{"message":
   ".> LEAN_PATH=/Users/ab/Projects/spec-oracle/paper/lean/.lake/build/lib/lean /Users/ab/.elan/toolchains/leanprover--lean4---v4.27.0/bin/lean /Users/ab/Projects/spec-oracle/paper/lean/UadfU0/Examples/TotalizationCounterexample.lean -o /Users/ab/Projects/spec-oracle/paper/lean/.lake/build/lib/lean/UadfU0/Examples/TotalizationCounterexample.olean -i /Users/ab/Projects/spec-oracle/paper/lean/.lake/build/lib/lean/UadfU0/Examples/TotalizationCounterexample.ilean -c /Users/ab/Projects/spec-oracle/paper/lean/.lake/build/ir/UadfU0/Examples/TotalizationCounterexample.c --setup /Users/ab/Projects/spec-oracle/paper/lean/.lake/build/ir/UadfU0/Examples/TotalizationCounterexample.setup.json --json",
   "level": "trace"}],
 "inputs":
 [["UadfU0.Examples.TotalizationCounterexample:deps",
   [["deps",
     [["UadfU0Paper/UadfU0:extraDep",
       [["@UadfU0Paper:extraDep", "00000000000006bb"]]],
      ["imports",
       [["UadfU0.Definitions.Model transitive imports (legacy)",
         "00000000000006bb"],
        ["UadfU0.Definitions.Model:importAllArts", "9f61947f69f6892b"]]]]],
    ["libs",
     [["import dynlibs", "00000000000006bb"],
      ["package external libraries", "00000000000006bb"],
      ["module dynlibs", "00000000000006bb"],
      ["module plugins", "00000000000006bb"]]]]],
  ["Lean 4.27.0, commit db93fe1608548721853390a10cd40580fe7d22ae",
   "9a2be90fd35343e5"],
  ["/Users/ab/Projects/spec-oracle/paper/lean/UadfU0/Examples/TotalizationCounterexample.lean",
   "d7338dd05f395e8f"],
  ["options", "00000000000006bb"],
  ["Module.leanArgs: #[]", "00000000000006bb"]],
 "depHash": "ea44a7c73ca00a81"}