{"synthetic": false,
 "schemaVersion": "2025-09-10",
 "outputs":
 {"o": ["4d1c7d7ed4967a4a.olean"],
  "i": "b359a0c38bd00fac.ilean",
  "c": "cbc75f5a09c043ee.c"},
 "log":
 [{"message":
   ".> LEAN_PATH=/Users/ab/Projects/spec-oracle/paper/lean/.lake/build/lib/lean /Users/ab/.elan/toolchains/leanprover--lean4---v4.27.0/bin/lean /Users/ab/Projects/spec-oracle/paper/lean/UadfU0.lean -o /Users/ab/Projects/spec-oracle/paper/lean/.lake/build/lib/lean/UadfU0.olean -i /Users/ab/Projects/spec-oracle/paper/lean/.lake/build/lib/lean/UadfU0.ilean -c /Users/ab/Projects/spec-oracle/paper/lean/.lake/build/ir/UadfU0.c --setup /Users/ab/Projects/spec-oracle/paper/lean/.lake/build/ir/UadfU0.setup.json --json",
   "level": "trace"}],
 "inputs":
 [["UadfU0:deps",
   [["deps",
     [["UadfU0Paper/UadfU0:extraDep",
       [["@UadfU0Paper:extraDep", "00000000000006bb"]]],
      ["imports",
       [["UadfU0.Definitions.Model transitive imports (legacy)",
         "00000000000006bb"],
        ["UadfU0.Definitions.Model:importAllArts", "9f61947f69f6892b"],
        ["UadfU0.U0Spec.Construction transitive imports (legacy)",
         "f42258e499a8b77a"],
        ["UadfU0.U0Spec.Construction:importAllArts", "6dd198fda5a72f1e"],
        ["UadfU0.U0Spec.Minimality transitive imports (legacy)",
         "4ec647936e58741b"],
        ["UadfU0.U0Spec.Minimality:importAllArts", "dbd67eae672518c3"],
        ["UadfU0.U0Spec.IdealRoot transitive imports (legacy)",
         "4ec647936e58741b"],
        ["UadfU0.U0Spec.IdealRoot:importAllArts", "d214b4c42ee41ccc"],
        ["UadfU0.InterLayer.Consistency transitive imports (legacy)",
         "b2956ad6fbfc855e"],
        ["UadfU0.InterLayer.Consistency:importAllArts", "00a611ca6cd51f15"],
        ["UadfU0.InterLayer.Transfer transitive imports (legacy)",
         "d02da3c46128732f"],
        ["UadfU0.InterLayer.Transfer:importAllArts", "6fb2bdfb2b1e5d1e"],
        ["UadfU0.InterLayer.Composition transitive imports (legacy)",
         "4ec647936e58741b"],
        ["UadfU0.InterLayer.Composition:importAllArts", "65b62b1ef4db1004"],
        ["UadfU0.InterLayer.Adequacy transitive imports (legacy)",
         "4ec647936e58741b"],
        ["UadfU0.InterLayer.Adequacy:importAllArts", "6c01df13da58281f"],
        ["UadfU0.RelatedWork.Galois transitive imports (legacy)",
         "f42258e499a8b77a"],
        ["UadfU0.RelatedWork.Galois:importAllArts", "06d901f74fca46a9"],
        ["UadfU0.CaseStudy.PasswordPolicy transitive imports (legacy)",
         "a2ba1c491ad16fbf"],
        ["UadfU0.CaseStudy.PasswordPolicy:importAllArts", "6b121e4761489f54"],
        ["UadfU0.Examples.TwoLayer transitive imports (legacy)",
         "d02da3c46128732f"],
        ["UadfU0.Examples.TwoLayer:importAllArts", "cf54b27738f169e7"],
        ["UadfU0.Examples.ContradictoryLayers transitive imports (legacy)",
         "d02da3c46128732f"],
        ["UadfU0.Examples.ContradictoryLayers:importAllArts",
         "22c11b095d3693fe"],
        ["UadfU0.Examples.TransferExample transitive imports (legacy)",
         "27ddcfcce1f136f7"],
        ["UadfU0.Examples.TransferExample:importAllArts", "d8651b1b38c7c0e3"],
        ["UadfU0.Examples.TransferChainExample transitive imports (legacy)",
         "27ddcfcce1f136f7"],
        ["UadfU0.Examples.TransferChainExample:importAllArts",
         "083266f579b1cbb1"],
        ["UadfU0.Examples.CompositionExample transitive imports (legacy)",
         "07450e6a8d345df2"],
        ["UadfU0.Examples.CompositionExample:importAllArts",
         "4d974080a2211c8f"],
        ["UadfU0.Examples.ArtifactBundleExample transitive imports (legacy)",
         "4ec647936e58741b"],
        ["UadfU0.Examples.ArtifactBundleExample:importAllArts",
         "cb2c9cb7d2bec3ae"]]]]],
    ["libs",
     [["import dynlibs", "00000000000006bb"],
      ["package external libraries", "00000000000006bb"],
      ["module dynlibs", "00000000000006bb"],
      ["module plugins", "00000000000006bb"]]]]],
  ["Lean 4.27.0, commit db93fe1608548721853390a10cd40580fe7d22ae",
   "9a2be90fd35343e5"],
  ["/Users/ab/Projects/spec-oracle/paper/lean/UadfU0.lean", "7dd2f49e3c911162"],
  ["options", "00000000000006bb"],
  ["Module.leanArgs: #[]", "00000000000006bb"]],
 "depHash": "341bcee373513ea4"}